[20:20:15] [main/INFO]: Loading Minecraft 1.16.5 with Fabric Loader 0.18.2
[20:20:15] [main/INFO]: Loading 46 mods:
	- diggusmaximus 1.4.2-1.16.3
	   \-- kyrptconfig 1.1.4-1.16
	        |-- blue_endless_jankson 1.2.0
	        \-- cloth-config2 4.8.2
	             \-- cloth-basic-math 0.5.1
	- fabric 0.42.0+1.16
	   |-- fabric-api-base 0.4.0+3cc0f0907d
	   |-- fabric-api-lookup-api-v1 1.3.1+3cc0f0907d
	   |-- fabric-biome-api-v1 3.1.13+3cc0f0907d
	   |-- fabric-blockrenderlayer-v1 1.1.6+3cc0f0907d
	   |-- fabric-command-api-v1 1.1.3+3cc0f0907d
	   |-- fabric-commands-v0 0.2.3+3cc0f0907d
	   |-- fabric-containers-v0 0.1.12+3cc0f0907d
	   |-- fabric-content-registries-v0 0.2.5+3cc0f0907d
	   |-- fabric-crash-report-info-v1 0.1.4+3cc0f0907d
	   |-- fabric-dimensions-v1 2.0.8+3cc0f0907d
	   |-- fabric-entity-events-v1 1.2.4+3cc0f0907d
	   |-- fabric-events-interaction-v0 0.4.5+3cc0f0907d
	   |-- fabric-events-lifecycle-v0 0.2.2+3cc0f0907d
	   |-- fabric-game-rule-api-v1 1.0.7+3cc0f0907d
	   |-- fabric-item-api-v1 1.2.2+3cc0f0907d
	   |-- fabric-item-groups-v0 0.3.1+3cc0f0907d
	   |-- fabric-key-binding-api-v1 1.0.5+3cc0f0907d
	   |-- fabric-keybindings-v0 0.2.2+3cc0f0907d
	   |-- fabric-lifecycle-events-v1 1.2.2+3cc0f0907d
	   |-- fabric-loot-tables-v1 1.0.3+3cc0f0907d
	   |-- fabric-mining-levels-v0 0.1.4+3cc0f0907d
	   |-- fabric-models-v0 0.3.1+3cc0f0907d
	   |-- fabric-networking-api-v1 1.0.5+3cc0f0907d
	   |-- fabric-networking-blockentity-v0 0.2.9+3cc0f0907d
	   |-- fabric-networking-v0 0.3.3+3cc0f0907d
	   |-- fabric-object-builder-api-v1 1.9.6+3cc0f0907d
	   |-- fabric-object-builders-v0 0.7.3+3cc0f0907d
	   |-- fabric-particles-v1 0.2.5+3cc0f0907d
	   |-- fabric-registry-sync-v0 0.7.6+3cc0f0907d
	   |-- fabric-renderer-api-v1 0.4.5+3cc0f0907d
	   |-- fabric-renderer-indigo 0.4.5+3cc0f0907d
	   |-- fabric-renderer-registries-v1 2.3.1+3cc0f0907d
	   |-- fabric-rendering-data-attachment-v1 0.1.6+3cc0f0907d
	   |-- fabric-rendering-fluids-v1 0.1.15+3cc0f0907d
	   |-- fabric-rendering-v0 1.1.3+3cc0f0907d
	   |-- fabric-rendering-v1 1.6.1+3cc0f0907d
	   |-- fabric-resource-loader-v0 0.4.8+3cc0f0907d
	   |-- fabric-screen-api-v1 1.0.1+3cc0f0907d
	   |-- fabric-screen-handler-api-v1 1.1.6+3cc0f0907d
	   |-- fabric-structure-api-v1 1.1.12+3cc0f0907d
	   |-- fabric-tag-extensions-v0 1.1.2+3cc0f0907d
	   |-- fabric-textures-v0 1.0.7+3cc0f0907d
	   |-- fabric-tool-attribute-api-v1 1.2.8+3cc0f0907d
	   \-- fabric-transfer-api-v1 1.5.0+3cc0f0907d
	- fabricloader 0.18.2
	   \-- mixinextras 0.5.0
	- ferritecore 2.1.1
	- java 11
	- krypton 0.1.2
	- lithium 0.6.6
	- minecraft 1.16.5
[20:20:15] [main/INFO]: SpongePowered MIXIN Subsystem Version=0.8.7 Source=file:/workspaces/bolas-de-hierro-/servidor_minecraft/libraries/net/fabricmc/sponge-mixin/0.16.5+mixin.0.8.7/sponge-mixin-0.16.5+mixin.0.8.7.jar Service=Knot/Fabric Env=SERVER
[20:20:16] [main/INFO]: Loaded configuration file for Lithium: 80 options available, 1 override(s) found
[20:20:16] [main/WARN]: Force-disabling mixin 'world.player_chunk_tick.ThreadedAnvilChunkStorageMixin' as rule 'mixin.world.player_chunk_tick' (added by mods [krypton]) disables it and children
[20:20:16] [main/INFO]: Initializing MixinExtras via com.llamalad7.mixinextras.service.MixinExtrasServiceImpl(version=0.5.0).
[20:20:17] [main/INFO]: Using Java 9+ class definer
[20:20:19] [main/INFO]: Compression will use libdeflate (Linux x86_64), encryption will use OpenSSL 1.1.x (Linux x86_64)
[20:20:19] [main/INFO]: Krypton is now accelerating your Minecraft server's networking stack 🚀
[20:20:20] [main/INFO]: Environment: authHost='https://authserver.mojang.com', accountsHost='https://api.mojang.com', sessionHost='https://sessionserver.mojang.com', servicesHost='https://api.minecraftservices.com', name='PROD'
[20:20:21] [main/WARN]: Ambiguity between arguments [teleport, destination] and [teleport, targets] with inputs: [Player, 0123, @e, dd12be42-52a9-4a91-a8a1-11c01849e498]
[20:20:21] [main/WARN]: Ambiguity between arguments [teleport, location] and [teleport, destination] with inputs: [0.1 -0.5 .9, 0 0 0]
[20:20:21] [main/WARN]: Ambiguity between arguments [teleport, location] and [teleport, targets] with inputs: [0.1 -0.5 .9, 0 0 0]
[20:20:21] [main/WARN]: Ambiguity between arguments [teleport, targets] and [teleport, destination] with inputs: [Player, 0123, dd12be42-52a9-4a91-a8a1-11c01849e498]
[20:20:21] [main/WARN]: Ambiguity between arguments [teleport, targets, location] and [teleport, targets, destination] with inputs: [0.1 -0.5 .9, 0 0 0]
[20:20:21] [main/INFO]: Reloading ResourceManager: Default, Fabric Mods (Fabric Tool Attribute API (v1))
[20:20:22] [Worker-Main-6/INFO]: Loaded 7 recipes
[20:20:22] [Worker-Main-6/INFO]: Loaded 927 advancements
[20:20:24] [main/INFO]: Applied 0 biome modifications to 0 of 79 new biomes in 2.020 ms
[20:20:24] [Server thread/INFO]: Starting minecraft server version 1.16.5
[20:20:24] [Server thread/INFO]: Loading properties
[20:20:24] [Server thread/INFO]: Default game type: SURVIVAL
[20:20:24] [Server thread/INFO]: Generating keypair
[20:20:25] [Server thread/INFO]: Starting Minecraft server on *:25565
[20:20:25] [Server thread/INFO]: Using epoll channel type
[20:20:25] [Server thread/WARN]: **** SERVER IS RUNNING IN OFFLINE/INSECURE MODE!
[20:20:25] [Server thread/WARN]: The server will make no attempt to authenticate usernames. Beware.
[20:20:25] [Server thread/WARN]: While this makes the game possible to play without internet access, it also opens up the ability for hackers to connect with any username they choose.
[20:20:25] [Server thread/WARN]: To change this, set "online-mode" to "true" in the server.properties file.
[20:20:25] [Server thread/INFO]: Preparing level "world"
[20:20:25] [Server thread/INFO]: Preparing start region for dimension minecraft:overworld
[20:20:27] [Server thread/INFO]: Preparing spawn area: 0%
[20:20:27] [Server thread/INFO]: Preparing spawn area: 0%
[20:20:27] [Server thread/INFO]: Preparing spawn area: 0%
[20:20:27] [Server thread/INFO]: Preparing spawn area: 0%
[20:20:27] [Server thread/INFO]: Preparing spawn area: 50%
[20:20:27] [Server thread/INFO]: Time elapsed: 2144 ms
[20:20:27] [Server thread/INFO]: Done (2.401s)! For help, type "help"
[20:21:00] [Server thread/INFO]: edisoviolaperros[/10.252.172.34:54786] logged in with entity id 58 at (-1740.5732473709966, 63.9375, 203.8933907474644)
[20:21:00] [Server thread/INFO]: edisoviolaperros joined the game
[20:21:13] [Server thread/INFO]: edisoviolaperros was slain by Zombie
[20:21:17] [Server thread/FATAL]: Error executing task on Server
java.lang.NullPointerException: null
	at net.minecraft.class_3204.method_14051(class_3204.java:202) ~[server-intermediary.jar:?]
	at net.minecraft.class_3898.method_18713(class_3898.java:2261) ~[server-intermediary.jar:?]
	at net.minecraft.class_3215.method_14096(class_3215.java:467) ~[server-intermediary.jar:?]
	at net.minecraft.class_3244.method_12063(class_3244.java:931) ~[server-intermediary.jar:?]
	at net.minecraft.class_2828.method_12272(class_2828.java:122) ~[server-intermediary.jar:?]
	at net.minecraft.class_2828$class_2830.method_11054(class_2828.java:18) ~[server-intermediary.jar:?]
	at net.minecraft.class_2600.method_11072(class_2600.java:21) ~[server-intermediary.jar:?]
	at net.minecraft.class_3738.run(class_3738.java:18) ~[server-intermediary.jar:?]
	at net.minecraft.class_1255.method_18859(class_1255.java:144) ~[server-intermediary.jar:?]
	at net.minecraft.class_4093.method_18859(class_4093.java:23) ~[server-intermediary.jar:?]
	at net.minecraft.server.MinecraftServer.method_24306(MinecraftServer.java:761) ~[server-intermediary.jar:?]
	at net.minecraft.server.MinecraftServer.method_18859(MinecraftServer.java:155) ~[server-intermediary.jar:?]
	at net.minecraft.class_1255.method_16075(class_1255.java:118) ~[server-intermediary.jar:?]
	at net.minecraft.server.MinecraftServer.method_20415(MinecraftServer.java:743) ~[server-intermediary.jar:?]
	at net.minecraft.server.MinecraftServer.method_16075(MinecraftServer.java:737) ~[server-intermediary.jar:?]
	at net.minecraft.class_1255.method_18857(class_1255.java:127) ~[server-intermediary.jar:?]
	at net.minecraft.server.MinecraftServer.method_16208(MinecraftServer.java:722) ~[server-intermediary.jar:?]
	at net.minecraft.server.MinecraftServer.method_29741(MinecraftServer.java:674) ~[server-intermediary.jar:?]
	at net.minecraft.server.MinecraftServer.method_29739(MinecraftServer.java:257) ~[server-intermediary.jar:?]
	at java.lang.Thread.run(Thread.java:829) [?:?]
[20:21:22] [Server thread/FATAL]: Error executing task on Server
java.lang.NullPointerException: null
	at net.minecraft.class_3204.method_14051(class_3204.java:202) ~[server-intermediary.jar:?]
	at net.minecraft.class_3898.method_18713(class_3898.java:2261) ~[server-intermediary.jar:?]
	at net.minecraft.class_3215.method_14096(class_3215.java:467) ~[server-intermediary.jar:?]
	at net.minecraft.class_3244.method_12063(class_3244.java:931) ~[server-intermediary.jar:?]
	at net.minecraft.class_2828.method_12272(class_2828.java:122) ~[server-intermediary.jar:?]
	at net.minecraft.class_2828$class_2829.method_11054(class_2828.java:56) ~[server-intermediary.jar:?]
	at net.minecraft.class_2600.method_11072(class_2600.java:21) ~[server-intermediary.jar:?]
	at net.minecraft.class_3738.run(class_3738.java:18) ~[server-intermediary.jar:?]
	at net.minecraft.class_1255.method_18859(class_1255.java:144) ~[server-intermediary.jar:?]
	at net.minecraft.class_4093.method_18859(class_4093.java:23) ~[server-intermediary.jar:?]
	at net.minecraft.server.MinecraftServer.method_24306(MinecraftServer.java:761) ~[server-intermediary.jar:?]
	at net.minecraft.server.MinecraftServer.method_18859(MinecraftServer.java:155) ~[server-intermediary.jar:?]
	at net.minecraft.class_1255.method_16075(class_1255.java:118) ~[server-intermediary.jar:?]
	at net.minecraft.server.MinecraftServer.method_20415(MinecraftServer.java:743) ~[server-intermediary.jar:?]
	at net.minecraft.server.MinecraftServer.method_16075(MinecraftServer.java:737) ~[server-intermediary.jar:?]
	at net.minecraft.class_1255.method_18857(class_1255.java:127) ~[server-intermediary.jar:?]
	at net.minecraft.server.MinecraftServer.method_16208(MinecraftServer.java:722) ~[server-intermediary.jar:?]
	at net.minecraft.server.MinecraftServer.method_29741(MinecraftServer.java:674) ~[server-intermediary.jar:?]
	at net.minecraft.server.MinecraftServer.method_29739(MinecraftServer.java:257) ~[server-intermediary.jar:?]
	at java.lang.Thread.run(Thread.java:829) [?:?]
[20:22:32] [Server thread/INFO]: [edisoviolaperros: Teleported edisoviolaperros to -1842.314, 70.0, 207.104]
[20:22:53] [Server thread/INFO]: edisoviolaperros was slain by Zombie
[20:23:05] [Server thread/INFO]: [edisoviolaperros: Teleported edisoviolaperros to -1842.314, 70.0, 207.104]
[20:23:41] [Server thread/INFO]: DERIK[/10.252.172.231:52987] logged in with entity id 1717 at (-1725.6001831709339, 70.0, 350.19802477350487)
[20:23:41] [Server thread/INFO]: DERIK joined the game
[20:24:58] [Server thread/INFO]: <edisoviolaperros> zzz
[20:27:49] [Server thread/INFO]: <DERIK> zzzzzzz
[21:08:51] [Server thread/INFO]: [edisoviolaperros: Teleported edisoviolaperros to DERIK]
[21:11:41] [Server thread/INFO]: [edisoviolaperros: Teleported edisoviolaperros to DERIK]
[21:17:13] [Server thread/INFO]: [DERIK: Teleported DERIK to edisoviolaperros]
[21:17:48] [Server thread/INFO]: [DERIK: Teleported DERIK to edisoviolaperros]
[21:19:20] [Server thread/INFO]: [edisoviolaperros: Teleported edisoviolaperros to DERIK]
[21:19:51] [Server thread/INFO]: [edisoviolaperros: Teleported edisoviolaperros to DERIK]
[21:20:05] [Server thread/INFO]: [edisoviolaperros: Teleported edisoviolaperros to DERIK]
[21:36:46] [Server thread/INFO]: DERIK fell from a high place
[21:46:03] [Server thread/INFO]: edisoviolaperros fell from a high place
[21:46:10] [Server thread/INFO]: [edisoviolaperros: Teleported edisoviolaperros to DERIK]
[21:58:02] [Server thread/INFO]: DERIK fell from a high place
[22:00:28] [Server thread/INFO]: Villager class_1646['Villager'/11957, l='ServerLevel[world]', x=-1754.68, y=118.00, z=603.73] died, message: 'Villager suffocated in a wall'
[22:02:55] [Server thread/INFO]: [edisoviolaperros: Teleported edisoviolaperros to DERIK]
[22:05:43] [Server thread/INFO]: [edisoviolaperros: Teleported edisoviolaperros to DERIK]
[22:09:08] [Server thread/INFO]: [edisoviolaperros: Teleported edisoviolaperros to DERIK]
[22:12:36] [Server thread/INFO]: edisoviolaperros was slain by Iron Golem
[22:12:42] [Server thread/INFO]: [edisoviolaperros: Teleported edisoviolaperros to DERIK]
[22:13:30] [Server thread/INFO]: [edisoviolaperros: Teleported edisoviolaperros to DERIK]
[22:13:57] [Server thread/INFO]: DERIK fell from a high place
[22:14:02] [Server thread/INFO]: [DERIK: Teleported DERIK to edisoviolaperros]
[22:18:50] [Server thread/INFO]: [edisoviolaperros: Teleported edisoviolaperros to DERIK]
[22:19:53] [Server thread/INFO]: [edisoviolaperros: Teleported edisoviolaperros to DERIK]
[22:22:51] [Server thread/INFO]: DERIK was slain by Spider
[22:22:55] [Server thread/INFO]: [DERIK: Teleported DERIK to edisoviolaperros]
[22:25:20] [Server thread/INFO]: [edisoviolaperros: Teleported edisoviolaperros to DERIK]
[22:26:13] [Server thread/INFO]: [DERIK: Teleported DERIK to edisoviolaperros]
[22:27:13] [Server thread/INFO]: [edisoviolaperros: Teleported edisoviolaperros to DERIK]
[22:32:23] [Server thread/INFO]: edisoviolaperros fell from a high place
[22:32:28] [Server thread/INFO]: [edisoviolaperros: Teleported edisoviolaperros to DERIK]
[22:33:26] [Server thread/INFO]: [edisoviolaperros: Teleported edisoviolaperros to DERIK]
[22:33:58] [Server thread/INFO]: DERIK fell from a high place
[22:34:02] [Server thread/INFO]: [DERIK: Teleported DERIK to edisoviolaperros]
[22:41:43] [Server thread/INFO]: <edisoviolaperros> zzz
[22:50:32] [Server thread/INFO]: [edisoviolaperros: Teleported edisoviolaperros to DERIK]
[22:55:57] [Server thread/INFO]: [DERIK: Teleported DERIK to edisoviolaperros]
[22:58:10] [Server thread/INFO]: [DERIK: Teleported DERIK to edisoviolaperros]
[23:00:18] [Server thread/WARN]: Fetching packet for removed entity class_1542['Air'/30171, l='ServerLevel[world]', x=-1762.99, y=69.00, z=645.80]
[23:00:18] [Server thread/WARN]: Fetching packet for removed entity class_1542['Air'/30171, l='ServerLevel[world]', x=-1762.99, y=69.00, z=645.80]
[23:04:27] [Server thread/INFO]: [edisoviolaperros: Teleported edisoviolaperros to DERIK]
[23:05:39] [Server thread/INFO]: [edisoviolaperros: Teleported edisoviolaperros to DERIK]
[23:07:45] [Server thread/INFO]: [edisoviolaperros: Teleported edisoviolaperros to DERIK]
[23:10:23] [Server thread/INFO]: [DERIK: Teleported DERIK to edisoviolaperros]
[23:10:55] [Server thread/INFO]: [DERIK: Teleported DERIK to edisoviolaperros]
[23:12:29] [Server thread/INFO]: [edisoviolaperros: Teleported edisoviolaperros to DERIK]
[23:15:19] [Server thread/INFO]: [edisoviolaperros: Teleported edisoviolaperros to DERIK]
